This program should be regarded as a DEBUGGING aid, not as a 
certifier of correctness.
Call with the -l flag or read the license file for terms
and conditions of use.
Run this program with "-h" for the list of options.

Bugs, questions, and comments should be directed to
"murphi@verify.stanford.edu".

Murphi compiler last modified date: Jan 29 1999
Include files   last modified date: Jan 29 1999
==========================================================================

==========================================================================
Murphi Release 3.1
Finite-state Concurrent System Verifier.

Copyright (C) 1992 - 1999 by the Board of Trustees of
Leland Stanford Junior University.

==========================================================================

Protocol: msi_opt

Algorithm:
        Verification by breadth first search.
        with symmetry algorithm 3 -- Heuristic Small Memory Normalization
        with permutation trial limit 10.

Memory usage:

        * The size of each state is 2552 bits (rounded up to 320 bytes).
        * The memory allocated for the hash table and state queue is
          536 Mbytes.
          With two words of overhead per state, the maximum size of
          the state space is 1654979 states.
           * Use option "-k" or "-m" to increase this, if necessary.
        * Capacity in queue for breadth-first search: 165497 states.
           * Change the constant gPercentActiveStates in mu_prolog.inc
             to increase this, if necessary.

Progress Report:

        1000 states explored in 0.28s, with 2411 rules fired and 490 states in the queue.
        2000 states explored in 0.30s, with 4921 rules fired and 966 states in the queue.
        3000 states explored in 0.30s, with 7918 rules fired and 1283 states in the queue.
        4000 states explored in 0.32s, with 11151 rules fired and 1535 states in the queue.
        5000 states explored in 0.36s, with 15003 rules fired and 1624 states in the queue.
        6000 states explored in 0.36s, with 18276 rules fired and 1757 states in the queue.
        7000 states explored in 0.40s, with 22138 rules fired and 1733 states in the queue.
        8000 states explored in 0.42s, with 25471 rules fired and 1820 states in the queue.
        9000 states explored in 0.44s, with 28421 rules fired and 1976 states in the queue.
        10000 states explored in 0.44s, with 31160 rules fired and 2404 states in the queue.
        11000 states explored in 0.46s, with 33934 rules fired and 2842 states in the queue.
        12000 states explored in 0.48s, with 36588 rules fired and 3258 states in the queue.
        13000 states explored in 0.50s, with 39309 rules fired and 3670 states in the queue.
        14000 states explored in 0.52s, with 42394 rules fired and 4082 states in the queue.
        15000 states explored in 0.54s, with 45805 rules fired and 4416 states in the queue.
        16000 states explored in 0.56s, with 48779 rules fired and 4783 states in the queue.
        17000 states explored in 0.58s, with 52148 rules fired and 4958 states in the queue.
        18000 states explored in 0.60s, with 55288 rules fired and 5289 states in the queue.
        19000 states explored in 0.62s, with 58185 rules fired and 5660 states in the queue.
        20000 states explored in 0.64s, with 62143 rules fired and 5859 states in the queue.
        21000 states explored in 0.66s, with 66131 rules fired and 6041 states in the queue.
        22000 states explored in 0.68s, with 69775 rules fired and 6247 states in the queue.
        23000 states explored in 0.70s, with 73331 rules fired and 6433 states in the queue.
        24000 states explored in 0.72s, with 77061 rules fired and 6485 states in the queue.
        25000 states explored in 0.74s, with 80340 rules fired and 6750 states in the queue.
        26000 states explored in 0.76s, with 83675 rules fired and 7024 states in the queue.
        27000 states explored in 0.80s, with 88316 rules fired and 7024 states in the queue.
        28000 states explored in 0.82s, with 92625 rules fired and 7103 states in the queue.
        29000 states explored in 0.86s, with 96748 rules fired and 7224 states in the queue.
        30000 states explored in 0.88s, with 100757 rules fired and 7295 states in the queue.
        31000 states explored in 0.90s, with 104601 rules fired and 7224 states in the queue.
        32000 states explored in 0.94s, with 108645 rules fired and 7234 states in the queue.
        33000 states explored in 0.96s, with 112056 rules fired and 7446 states in the queue.
        34000 states explored in 1.00s, with 117326 rules fired and 7140 states in the queue.
        35000 states explored in 1.02s, with 121848 rules fired and 7072 states in the queue.
        36000 states explored in 1.06s, with 126611 rules fired and 7106 states in the queue.
        37000 states explored in 1.08s, with 130646 rules fired and 7084 states in the queue.
        38000 states explored in 1.10s, with 133996 rules fired and 7182 states in the queue.
        39000 states explored in 1.12s, with 138233 rules fired and 7049 states in the queue.
        40000 states explored in 1.14s, with 141918 rules fired and 7257 states in the queue.
        41000 states explored in 1.18s, with 146686 rules fired and 6959 states in the queue.
        42000 states explored in 1.20s, with 150494 rules fired and 7074 states in the queue.
        43000 states explored in 1.22s, with 154840 rules fired and 7285 states in the queue.
        44000 states explored in 1.24s, with 158722 rules fired and 7262 states in the queue.
        45000 states explored in 1.26s, with 162331 rules fired and 7448 states in the queue.
        46000 states explored in 1.28s, with 165311 rules fired and 7677 states in the queue.
        47000 states explored in 1.30s, with 169075 rules fired and 7747 states in the queue.
        48000 states explored in 1.32s, with 173713 rules fired and 7686 states in the queue.
        49000 states explored in 1.36s, with 177865 rules fired and 7634 states in the queue.
        50000 states explored in 1.38s, with 182351 rules fired and 7644 states in the queue.
        51000 states explored in 1.40s, with 186875 rules fired and 7665 states in the queue.
        52000 states explored in 1.44s, with 190619 rules fired and 7742 states in the queue.
        53000 states explored in 1.46s, with 194519 rules fired and 7806 states in the queue.
        54000 states explored in 1.48s, with 198689 rules fired and 7643 states in the queue.
        55000 states explored in 1.50s, with 203509 rules fired and 7424 states in the queue.
        56000 states explored in 1.54s, with 209017 rules fired and 6888 states in the queue.
        57000 states explored in 1.58s, with 214806 rules fired and 6444 states in the queue.
        58000 states explored in 1.60s, with 218498 rules fired and 6454 states in the queue.
        59000 states explored in 1.62s, with 222990 rules fired and 6335 states in the queue.
        60000 states explored in 1.64s, with 226318 rules fired and 6457 states in the queue.
        61000 states explored in 1.66s, with 231438 rules fired and 6017 states in the queue.
        62000 states explored in 1.70s, with 235983 rules fired and 5661 states in the queue.
        63000 states explored in 1.72s, with 239874 rules fired and 5629 states in the queue.
        64000 states explored in 1.74s, with 244011 rules fired and 5484 states in the queue.
        65000 states explored in 1.76s, with 248628 rules fired and 5277 states in the queue.
        66000 states explored in 1.78s, with 252059 rules fired and 5391 states in the queue.
        67000 states explored in 1.82s, with 255588 rules fired and 5351 states in the queue.
        68000 states explored in 1.86s, with 259760 rules fired and 5246 states in the queue.
        69000 states explored in 1.88s, with 263914 rules fired and 5058 states in the queue.
        70000 states explored in 1.90s, with 269191 rules fired and 4479 states in the queue.
        71000 states explored in 1.94s, with 273087 rules fired and 4409 states in the queue.
        72000 states explored in 1.96s, with 278901 rules fired and 3598 states in the queue.
        73000 states explored in 2.00s, with 284118 rules fired and 2921 states in the queue.
        74000 states explored in 2.02s, with 287746 rules fired and 2894 states in the queue.
        75000 states explored in 2.04s, with 291167 rules fired and 3055 states in the queue.
        76000 states explored in 2.06s, with 294684 rules fired and 3001 states in the queue.
        77000 states explored in 2.08s, with 297562 rules fired and 3279 states in the queue.
        78000 states explored in 2.10s, with 300377 rules fired and 3598 states in the queue.
        79000 states explored in 2.12s, with 303909 rules fired and 3802 states in the queue.
        80000 states explored in 2.14s, with 307176 rules fired and 3922 states in the queue.
        81000 states explored in 2.16s, with 310084 rules fired and 4214 states in the queue.
        82000 states explored in 2.20s, with 313824 rules fired and 4156 states in the queue.
        83000 states explored in 2.22s, with 317700 rules fired and 4416 states in the queue.
        84000 states explored in 2.24s, with 321154 rules fired and 4434 states in the queue.
        85000 states explored in 2.26s, with 325165 rules fired and 4361 states in the queue.
        86000 states explored in 2.28s, with 328333 rules fired and 4545 states in the queue.
        87000 states explored in 2.30s, with 332004 rules fired and 4632 states in the queue.
        88000 states explored in 2.34s, with 336520 rules fired and 4587 states in the queue.
        89000 states explored in 2.36s, with 340035 rules fired and 4622 states in the queue.
        90000 states explored in 2.38s, with 344111 rules fired and 4560 states in the queue.
        91000 states explored in 2.40s, with 347579 rules fired and 4622 states in the queue.
        92000 states explored in 2.42s, with 352639 rules fired and 4338 states in the queue.
        93000 states explored in 2.44s, with 356091 rules fired and 4412 states in the queue.
        94000 states explored in 2.46s, with 360461 rules fired and 4237 states in the queue.
        95000 states explored in 2.50s, with 365594 rules fired and 3626 states in the queue.
        96000 states explored in 2.52s, with 370524 rules fired and 3181 states in the queue.
        97000 states explored in 2.56s, with 376507 rules fired and 2313 states in the queue.
        98000 states explored in 2.58s, with 381255 rules fired and 1928 states in the queue.
        99000 states explored in 2.62s, with 387526 rules fired and 1036 states in the queue.
        100000 states explored in 2.66s, with 393108 rules fired and 489 states in the queue.

==========================================================================

Status:

        No error found.

State Space Explored:

        100926 states, 398085 rules fired in 2.70s.

Analysis of State Space:

        There are rules that are never fired.
        If you are running with symmetry, this may be why.  Otherwise,
        please run this program with "-pr" for the rules information.
        The maximum size for the multiset "HomeNode.sharers" is: 3.
        The maximum size for the multiset "Net[HomeType]" is: 5.
        The maximum size for the multiset "Net[Proc_1]" is: 4.
        The maximum size for the multiset "Net[Proc_2]" is: 2.
        The maximum size for the multiset "Net[Proc_3]" is: 2.