This program should be regarded as a DEBUGGING aid, not as a 
certifier of correctness.
Call with the -l flag or read the license file for terms
and conditions of use.
Run this program with "-h" for the list of options.

Bugs, questions, and comments should be directed to
"murphi@verify.stanford.edu".

Murphi compiler last modified date: Jan 29 1999
Include files   last modified date: Jan 29 1999
==========================================================================

==========================================================================
Murphi Release 3.1
Finite-state Concurrent System Verifier.

Copyright (C) 1992 - 1999 by the Board of Trustees of
Leland Stanford Junior University.

==========================================================================

Protocol: msi

Algorithm:
        Verification by breadth first search.
        with symmetry algorithm 3 -- Heuristic Small Memory Normalization
        with permutation trial limit 10.

Memory usage:

        * The size of each state is 2552 bits (rounded up to 320 bytes).
        * The memory allocated for the hash table and state queue is
          536 Mbytes.
          With two words of overhead per state, the maximum size of
          the state space is 1654979 states.
           * Use option "-k" or "-m" to increase this, if necessary.
        * Capacity in queue for breadth-first search: 165497 states.
           * Change the constant gPercentActiveStates in mu_prolog.inc
             to increase this, if necessary.

Progress Report:

        1000 states explored in 0.30s, with 2359 rules fired and 500 states in the queue.
        2000 states explored in 0.30s, with 4800 rules fired and 992 states in the queue.
        3000 states explored in 0.32s, with 7689 rules fired and 1343 states in the queue.
        4000 states explored in 0.34s, with 10714 rules fired and 1652 states in the queue.
        5000 states explored in 0.36s, with 14341 rules fired and 1767 states in the queue.
        6000 states explored in 0.38s, with 17270 rules fired and 2142 states in the queue.
        7000 states explored in 0.40s, with 20940 rules fired and 2138 states in the queue.
        8000 states explored in 0.42s, with 23972 rules fired and 2517 states in the queue.
        9000 states explored in 0.44s, with 26783 rules fired and 2929 states in the queue.
        10000 states explored in 0.46s, with 31226 rules fired and 2630 states in the queue.
        11000 states explored in 0.48s, with 34784 rules fired and 2927 states in the queue.
        12000 states explored in 0.52s, with 38176 rules fired and 3244 states in the queue.
        13000 states explored in 0.52s, with 41141 rules fired and 3551 states in the queue.
        14000 states explored in 0.56s, with 44847 rules fired and 3658 states in the queue.
        15000 states explored in 0.58s, with 49184 rules fired and 3771 states in the queue.
        16000 states explored in 0.60s, with 52760 rules fired and 4048 states in the queue.
        17000 states explored in 0.62s, with 55624 rules fired and 4407 states in the queue.
        18000 states explored in 0.64s, with 58602 rules fired and 4733 states in the queue.
        19000 states explored in 0.66s, with 62530 rules fired and 4839 states in the queue.
        20000 states explored in 0.70s, with 67762 rules fired and 4727 states in the queue.
        21000 states explored in 0.72s, with 71155 rules fired and 5036 states in the queue.
        22000 states explored in 0.74s, with 74514 rules fired and 5238 states in the queue.
        23000 states explored in 0.76s, with 78110 rules fired and 5454 states in the queue.
        24000 states explored in 0.78s, with 81885 rules fired and 5488 states in the queue.
        25000 states explored in 0.82s, with 87565 rules fired and 5077 states in the queue.
        26000 states explored in 0.84s, with 91143 rules fired and 5407 states in the queue.
        27000 states explored in 0.86s, with 94836 rules fired and 5511 states in the queue.
        28000 states explored in 0.88s, with 98625 rules fired and 5644 states in the queue.
        29000 states explored in 0.90s, with 102678 rules fired and 5687 states in the queue.
        30000 states explored in 0.92s, with 106957 rules fired and 5562 states in the queue.
        31000 states explored in 0.96s, with 111039 rules fired and 5614 states in the queue.
        32000 states explored in 0.98s, with 115297 rules fired and 5837 states in the queue.
        33000 states explored in 1.00s, with 119805 rules fired and 5610 states in the queue.
        34000 states explored in 1.02s, with 123239 rules fired and 5839 states in the queue.
        35000 states explored in 1.04s, with 127692 rules fired and 5609 states in the queue.
        36000 states explored in 1.08s, with 132382 rules fired and 5438 states in the queue.
        37000 states explored in 1.10s, with 137051 rules fired and 5443 states in the queue.
        38000 states explored in 1.14s, with 141842 rules fired and 5233 states in the queue.
        39000 states explored in 1.16s, with 145729 rules fired and 5277 states in the queue.
        40000 states explored in 1.18s, with 150118 rules fired and 5110 states in the queue.
        41000 states explored in 1.22s, with 156599 rules fired and 4330 states in the queue.
        42000 states explored in 1.24s, with 160868 rules fired and 4263 states in the queue.
        43000 states explored in 1.26s, with 164287 rules fired and 4389 states in the queue.
        44000 states explored in 1.30s, with 168698 rules fired and 4360 states in the queue.
        45000 states explored in 1.32s, with 172640 rules fired and 4371 states in the queue.
        46000 states explored in 1.34s, with 176747 rules fired and 4257 states in the queue.
        47000 states explored in 1.36s, with 180694 rules fired and 4167 states in the queue.
        48000 states explored in 1.40s, with 185048 rules fired and 4068 states in the queue.
        49000 states explored in 1.42s, with 188280 rules fired and 4414 states in the queue.
        50000 states explored in 1.44s, with 192341 rules fired and 4368 states in the queue.
        51000 states explored in 1.48s, with 196747 rules fired and 4117 states in the queue.
        52000 states explored in 1.50s, with 200816 rules fired and 3973 states in the queue.
        53000 states explored in 1.52s, with 205181 rules fired and 4030 states in the queue.
        54000 states explored in 1.56s, with 211175 rules fired and 3366 states in the queue.
        55000 states explored in 1.58s, with 214847 rules fired and 3325 states in the queue.
        56000 states explored in 1.60s, with 219665 rules fired and 3131 states in the queue.
        57000 states explored in 1.64s, with 225576 rules fired and 2444 states in the queue.
        58000 states explored in 1.66s, with 229939 rules fired and 2259 states in the queue.
        59000 states explored in 1.70s, with 234803 rules fired and 1881 states in the queue.
        60000 states explored in 1.72s, with 239560 rules fired and 1514 states in the queue.
        61000 states explored in 1.74s, with 242512 rules fired and 1763 states in the queue.
        62000 states explored in 1.76s, with 246470 rules fired and 1714 states in the queue.
        63000 states explored in 1.78s, with 250656 rules fired and 1608 states in the queue.
        64000 states explored in 1.80s, with 254626 rules fired and 1545 states in the queue.
        65000 states explored in 1.84s, with 258866 rules fired and 1377 states in the queue.
        66000 states explored in 1.86s, with 263493 rules fired and 1086 states in the queue.
        67000 states explored in 1.90s, with 269247 rules fired and 348 states in the queue.

==========================================================================

Status:

        No error found.

State Space Explored:

        67299 states, 271229 rules fired in 1.90s.

Analysis of State Space:

        There are rules that are never fired.
        If you are running with symmetry, this may be why.  Otherwise,
        please run this program with "-pr" for the rules information.
        The maximum size for the multiset "HomeNode.sharers" is: 3.
        The maximum size for the multiset "Net[HomeType]" is: 5.
        The maximum size for the multiset "Net[Proc_1]" is: 4.
        The maximum size for the multiset "Net[Proc_2]" is: 2.
        The maximum size for the multiset "Net[Proc_3]" is: 2.